// Jest Snapshot v1, https://goo.gl/fbAQLP

exports[`Pruebas unitarias HomeScreen debe mostrarse correctament con snapshot 1`] = `
<div>
  <h1>
    Home Screen
  </h1>
  <hr />
  <pre>
    {
   "name": "Eliza",
   "email": "eliza@garduno.com"
}
  </pre>
</div>
`;
