// Jest Snapshot v1, https://goo.gl/fbAQLP

exports[`Pruebas unitaria de componente TodoList dene de crear el toMatchSnapshot y mostrarse correctamene  1`] = `
<ul
  className="list-group list-group-flush"
>
  <TodoItem
    deleteTodo={[MockFunction]}
    index={0}
    key="1"
    todo={
      Object {
        "desc": "Aprender React",
        "done": false,
        "id": 1,
      }
    }
    toggleTodo={[MockFunction]}
  />
  <TodoItem
    deleteTodo={[MockFunction]}
    index={1}
    key="2"
    todo={
      Object {
        "desc": "Aprender Angular",
        "done": false,
        "id": 2,
      }
    }
    toggleTodo={[MockFunction]}
  />
</ul>
`;
